// Jest Snapshot v1, https://goo.gl/fbAQLP

exports[`<Footer /> should render and match the snapshot 1`] = `
<footer
  className="Wrapper-ne5h47-0 fGFIJw"
>
  <section>
    <span>
      
      Made with love by 
      <a
        className="A-sc-19ne21s-0 csSpLt"
        href="https://www.linkedin.com/in/tien-le-820b8684?lipi=urn%3Ali%3Apage%3Ad_flagship3_profile_view_base_contact_details%3Bv7lA2obvS%2FGD5HMlaWt5mA%3D%3D"
      >
        Tien Le
      </a>
      .
    
    </span>
  </section>
</footer>
`;
