// Jest Snapshot v1, https://goo.gl/fbAQLP

exports[`<ReposList /> should render the loading indicator when its loading 1`] = `
<div
  class="Wrapper-sc-1on2sfb-0 bibZCi"
>
  <ul
    class="Ul-dtp8c7-0 jpdHTN"
  >
    <div
      class="Wrapper-sc-11w0751-0 jttKXd"
    >
      <div
        class="Circle__CirclePrimitive-sc-1ejpau-0 dQIIva"
      />
      <div
        class="Circle__CirclePrimitive-sc-1ejpau-0 kORALC"
      />
      <div
        class="Circle__CirclePrimitive-sc-1ejpau-0 ldCmNf"
      />
      <div
        class="Circle__CirclePrimitive-sc-1ejpau-0 fdzPmN"
      />
      <div
        class="Circle__CirclePrimitive-sc-1ejpau-0 iJybWr"
      />
      <div
        class="Circle__CirclePrimitive-sc-1ejpau-0 jrAvlR"
      />
      <div
        class="Circle__CirclePrimitive-sc-1ejpau-0 cFzunF"
      />
      <div
        class="Circle__CirclePrimitive-sc-1ejpau-0 fGGeLa"
      />
      <div
        class="Circle__CirclePrimitive-sc-1ejpau-0 hYoKCq"
      />
      <div
        class="Circle__CirclePrimitive-sc-1ejpau-0 ifHeYQ"
      />
      <div
        class="Circle__CirclePrimitive-sc-1ejpau-0 gUvDzj"
      />
      <div
        class="Circle__CirclePrimitive-sc-1ejpau-0 kEHIxC"
      />
    </div>
  </ul>
</div>
`;

exports[`<ReposList /> should render the repositories if loading was successful 1`] = `
<div
  class="Wrapper-sc-1on2sfb-0 bibZCi"
>
  <ul
    class="Ul-dtp8c7-0 jpdHTN"
  >
    <li
      class="Wrapper-st1pxc-0 evxkjk"
    >
      <div
        class="Item-sc-1438k44-0 alAeD"
      >
        <div
          class="Wrapper-sc-177vcxx-0 hQBnEj"
        >
          <a
            class="A-sc-19ne21s-0 RepoLink-rd7a00-0 eJNHpd"
            href="https://github.com/react-boilerplate/react-boilerplate"
            target="_blank"
          >
            react-boilerplate
          </a>
          <a
            class="A-sc-19ne21s-0 IssueLink-sc-1x1uvwe-0 eNofsf"
            href="https://github.com/react-boilerplate/react-boilerplate/issues"
            target="_blank"
          >
            <svg
              class="IssueIcon-sc-6cep6e-0 fnzBve"
              height="1em"
              width="0.875em"
            >
              <path
                d="M7 2.3c3.14 0 5.7 2.56 5.7 5.7S10.14 13.7 7 13.7 1.3 11.14 1.3 8s2.56-5.7 5.7-5.7m0-1.3C3.14 1 0 4.14 0 8s3.14 7 7 7 7-3.14 7-7S10.86 1 7 1z m1 3H6v5h2V4z m0 6H6v2h2V10z"
              />
            </svg>
            <span>
              20
            </span>
          </a>
        </div>
      </div>
    </li>
  </ul>
</div>
`;
